2025-02-17 07:18:25Z: Code generated. Generator: CSharpDataModelsGenerator v19.03.01
2025-02-19 14:43:26Z: Code generated. Generator: CSharpDataModelsGenerator v19.03.01
2025-02-21 09:15:08Z: Code generated. Generator: CSharpDataModelsGenerator v19.03.01
2025-03-24 10:31:11Z: Code generated. Generator: CSharpDataModelsGenerator v19.03.01
2025-03-25 10:32:08Z: Code generated. Generator: CSharpDataModelsGenerator v19.03.01
2025-03-25 10:42:51Z: Code generated. Generator: WebApiGenerator v19.03.01
2025-03-25 10:42:57Z: Code generated. Generator: RazorViewsGenerator v19.03.01
2025-03-25 10:49:07Z: Code generated. Generator: CSharpDataModelsGenerator v19.03.01
2025-03-25 11:59:42Z: Code generated. Generator: CSharpDataModelsGenerator v19.03.01
2025-03-26 12:07:15Z: Code generated. Generator: CSharpDataModelsGenerator v19.03.01
2025-03-27 10:14:01Z: Code generated. Generator: CSharpDataModelsGenerator v19.03.01
2025-03-28 11:54:50Z: Code generated. Generator: CSharpDataModelsGenerator v19.03.01
2025-03-28 16:06:40Z: Code generated. Generator: CSharpDataModelsGenerator v19.03.01
2025-03-31 16:10:56Z: Code generated. Generator: CSharpDataModelsGenerator v19.03.01
2025-04-01 11:30:28Z: Code generated. Generator: CSharpDataModelsGenerator v19.03.01
2025-04-01 15:31:18Z: Code generated. Generator: CSharpDataModelsGenerator v19.03.01
2025-04-02 07:48:13Z: Code generated. Generator: CSharpDataModelsGenerator v19.03.05
2025-04-03 09:22:44Z: Code generated. Generator: CSharpDataModelsGenerator v19.03.05
2025-04-03 10:01:39Z: Code generated. Generator: CSharpDataModelsGenerator v19.03.05
2025-06-04 10:27:00Z: Code generated. Generator: CSharpDataModelsGenerator v19.03.05
2025-06-04 12:51:03Z: Code generated. Generator: CSharpDataModelsGenerator v19.03.05
2025-06-04 13:00:05Z: Code generated. Generator: CSharpDataModelsGenerator v19.03.05
2025-06-04 13:26:50Z: Code generated. Generator: CSharpDataModelsGenerator v19.03.05
2025-06-10 07:13:17Z: Code generated. Generator: CSharpDataModelsGenerator v19.03.05
2025-09-02 08:40:45Z: Code generated. Generator: CSharpDataModelsGenerator v20.00.05
2025-09-04 09:06:30Z: Code generated. Generator: CSharpDataModelsGenerator v20.00.06
2025-09-08 18:49:45Z: Code generated. Generator: CSharpDataModelsGenerator v20.00.06
2025-09-08 18:51:01Z: Code generated. Generator: CSharpDataModelsGenerator v20.00.06
2025-09-10 10:36:17Z: Code generated. Generator: CSharpDataModelsGenerator v20.00.07
2025-09-10 10:52:39Z: Code generated. Generator: CSharpDataModelsGenerator v20.00.07
2025-09-10 15:11:54Z: Code generated. Generator: CSharpDataModelsGenerator v20.00.07
2025-09-10 15:12:36Z: Code generated. Generator: CSharpDataModelsGenerator v20.00.07
2025-09-12 09:16:21Z: Code generated. Generator: CSharpDataModelsGenerator v20.00.07
2025-09-17 08:24:29Z: Code generated. Generator: CSharpDataModelsGenerator v20.00.07
2025-09-17 15:06:45Z: Code generated. Generator: CSharpDataModelsGenerator v20.00.07
2025-09-17 15:06:49Z: Code generated. Generator: RazorViewsGenerator v20.00.07
2025-09-17 15:06:52Z: Code generated. Generator: WebApiGenerator v20.00.07
2025-10-22 10:45:10Z: Code generated. Generator: CSharpDataModelsGenerator v20.00.08
2025-10-22 10:45:53Z: Code generated. Generator: CSharpDataModelsGenerator v20.00.08
2025-11-12 08:11:13Z: Code generated. Generator: CSharpDataModelsGenerator v20.00.09
2025-11-20 15:06:30Z: Code generated. Generator: CSharpDataModelsGenerator v20.00.09
2025-12-01 14:25:03Z: Code generated. Generator: CSharpDataModelsGenerator v20.00.09
2025-12-10 13:27:37Z: Code generated. Generator: CSharpDataModelsGenerator v20.00.09
2025-12-11 07:34:02Z: Code generated. Generator: CSharpDataModelsGenerator v20.00.09
2025-12-12 13:14:13Z: Code generated. Generator: CSharpDataModelsGenerator v20.00.10 FileGeneratorSpecs { AppId = 346, Edition = , DateTime = 12/12/2025 1:14:13 PM, Namespace = AppCode.Extensions.Radmin.Data, TargetPath = AppCode/Extensions/Radmin/Data, Scope = Extensions.Radmin, ContentTypes = System.Collections.Generic.List`1[System.String] }
2026-03-09 18:08:42Z: Code generated. Generator: CSharpTypedDataModelsGenerator v21.05.00 FileGeneratorSpecs { Configuration = 33783 Export Radmin Resources, AppId = 346, Edition = , DateTime = 3/9/2026 6:08:42 PM, Namespace = AppCode.Extensions.Radmin.Data, TargetPath = AppCode/Extensions/Radmin/Data, ContentTypes = System.Collections.Generic.List`1[System.String], Prefix = , Suffix =  }
2026-03-10 10:29:34Z: Code generated. Generator: CSharpTypedDataModelsGenerator v21.05.00 FileGeneratorSpecs { Configuration = 33787 Export Radmin Main Types, AppId = 346, Edition = , DateTime = 3/10/2026 10:29:34 AM, Namespace = AppCode.Data, TargetPath = AppCode/Data, ContentTypes = System.Collections.Generic.List`1[System.String], Prefix = , Suffix =  }
2026-03-10 10:36:02Z: Code generated. Generator: CSharpTypedDataModelsGenerator v21.05.00 FileGeneratorSpecs { Configuration = 33787 Export Radmin Main Types, AppId = 346, Edition = , DateTime = 3/10/2026 10:36:02 AM, Namespace = AppCode.Extensions.Radmin.Data, TargetPath = AppCode/Extensions/Radmin/Data, ContentTypes = System.Collections.Generic.List`1[System.String], Prefix = , Suffix =  }
2026-03-10 14:28:15Z: Code generated. Generator: CSharpTypedDataModelsGenerator v21.05.00 FileGeneratorSpecs { Configuration = 33787 Export Radmin Main Types, AppId = 346, Edition = , DateTime = 3/10/2026 2:28:15 PM, Namespace = AppCode.Extensions.Radmin.Data, TargetPath = AppCode/Extensions/Radmin/Data, ContentTypes = System.Collections.Generic.List`1[System.String], Prefix = , Suffix =  }
2026-03-10 15:22:23Z: Code generated. Generator: CSharpTypedDataModelsGenerator v21.05.00 FileGeneratorSpecs { Configuration = 33787 Export Radmin Main Types, AppId = 346, Edition = , DateTime = 3/10/2026 3:22:23 PM, Namespace = AppCode.Extensions.Radmin.Data, TargetPath = AppCode/Extensions/Radmin/Data, ContentTypes = System.Collections.Generic.List`1[System.String], Prefix = , Suffix =  }
2026-03-10 15:29:02Z: Code generated. Generator: CSharpTypedDataModelsGenerator v21.05.00 FileGeneratorSpecs { Configuration = 33787 Export Radmin Main Types, AppId = 346, Edition = , DateTime = 3/10/2026 3:29:02 PM, Namespace = AppCode.Extensions.Radmin.Data, TargetPath = AppCode/Extensions/Radmin/Data, ContentTypes = System.Collections.Generic.List`1[System.String], Prefix = , Suffix =  }
2026-03-10 15:29:51Z: Code generated. Generator: CSharpCustomModelsGenerator v21.05.00 FileGeneratorSpecs { Configuration = 33787 Export Radmin Main Types, AppId = 346, Edition = , DateTime = 3/10/2026 3:29:51 PM, Namespace = AppCode.Extensions.Radmin.Data, TargetPath = AppCode/Extensions/Radmin/Data, ContentTypes = System.Collections.Generic.List`1[System.String], Prefix = , Suffix =  }
2026-03-10 15:30:34Z: Code generated. Generator: CSharpTypedDataModelsGenerator v21.05.00 FileGeneratorSpecs { Configuration = 33787 Export Radmin Main Types, AppId = 346, Edition = , DateTime = 3/10/2026 3:30:34 PM, Namespace = AppCode.Extensions.Radmin.Data, TargetPath = AppCode/Extensions/Radmin/Data, ContentTypes = System.Collections.Generic.List`1[System.String], Prefix = , Suffix =  }
2026-03-10 15:34:47Z: Code generated. Generator: CSharpTypedDataModelsGenerator v21.05.00 FileGeneratorSpecs { Configuration = 33787 Export Radmin Main Types, AppId = 346, Edition = , DateTime = 3/10/2026 3:34:47 PM, Namespace = AppCode.Extensions.Radmin.Data, TargetPath = AppCode/Extensions/Radmin/Data, ContentTypes = System.Collections.Generic.List`1[System.String], Prefix = , Suffix =  }
2026-03-10 15:36:08Z: Code generated. Generator: CSharpTypedDataModelsGenerator v21.05.00 FileGeneratorSpecs { Configuration = 33787 Export Radmin Main Types, AppId = 346, Edition = , DateTime = 3/10/2026 3:36:08 PM, Namespace = AppCode.Extensions.Radmin.Data, TargetPath = AppCode/Extensions/Radmin/Data, ContentTypes = System.Collections.Generic.List`1[System.String], Prefix = , Suffix =  }
2026-03-10 16:08:42Z: Code generated. Generator: CSharpTypedDataModelsGenerator v21.05.00 FileGeneratorSpecs { Configuration = 33787 Export Radmin Main Types, AppId = 346, Edition = , DateTime = 3/10/2026 4:08:42 PM, Namespace = AppCode.Extensions.Radmin.Data, TargetPath = AppCode/Extensions/Radmin/Data, ContentTypes = System.Collections.Generic.List`1[System.String], Prefix = , Suffix =  }
2026-03-10 16:56:27Z: Code generated. Generator: CSharpTypedDataModelsGenerator v21.05.00 FileGeneratorSpecs { Configuration = 33787 Export Radmin Main Types, AppId = 346, Edition = , DateTime = 3/10/2026 4:56:27 PM, Namespace = AppCode.Extensions.Radmin.Data, TargetPath = AppCode/Extensions/Radmin/Data, ContentTypes = System.Collections.Generic.List`1[System.String], Prefix = , Suffix =  }
2026-03-10 16:58:49Z: Code generated. Generator: CSharpTypedDataModelsGenerator v21.05.00 FileGeneratorSpecs { Configuration = 33787 Export Radmin Main Types, AppId = 346, Edition = , DateTime = 3/10/2026 4:58:49 PM, Namespace = AppCode.Extensions.Radmin.Data, TargetPath = AppCode/Extensions/Radmin/Data, ContentTypes = System.Collections.Generic.List`1[System.String], Prefix = , Suffix =  }
2026-03-10 16:59:41Z: Code generated. Generator: CSharpTypedDataModelsGenerator v21.05.00 FileGeneratorSpecs { Configuration = 33787 Export Radmin Main Types, AppId = 346, Edition = , DateTime = 3/10/2026 4:59:41 PM, Namespace = AppCode.Extensions.Radmin.Data, TargetPath = AppCode/Extensions/Radmin/Data, ContentTypes = System.Collections.Generic.List`1[System.String], Prefix = , Suffix =  }
2026-03-10 22:46:05Z: Code generated. Generator: CSharpTypedDataModelsGenerator v21.05.00 FileGeneratorSpecs { Configuration = 33787 Export Radmin Main Types, AppId = 346, Edition = , DateTime = 3/10/2026 10:46:05 PM, Namespace = AppCode.Extensions.Radmin.Data, TargetPath = AppCode/Extensions/Radmin/Data, ContentTypes = System.Collections.Generic.List`1[System.String], Prefix = , Suffix =  }
2026-04-01 21:16:10Z: Code generated. Generator: CSharpTypedDataModelsGenerator v21.06.00 FileGeneratorSpecs { Configuration = 33783 Export Radmin Resources, AppId = 346, Edition = , DateTime = 4/1/2026 9:16:10 PM, Namespace = AppCode.Extensions.Radmin.Data, TargetPath = AppCode/Extensions/Radmin/Data, ContentTypes = System.Collections.Generic.List`1[System.String], Prefix = , Suffix =  }
2026-04-01 21:43:09Z: Code generated. Generator: CSharpTypedDataModelsGenerator v21.06.00 FileGeneratorSpecs { Configuration = 33783 Export Radmin Resources, AppId = 346, Edition = , DateTime = 4/1/2026 9:43:09 PM, Namespace = AppCode.Extensions.Radmin.Data, TargetPath = AppCode/Extensions/Radmin/Data, ContentTypes = System.Collections.Generic.List`1[System.String], Prefix = , Suffix =  }
2026-04-01 22:08:27Z: Code generated. Generator: CSharpTypedDataModelsGenerator v21.06.00 FileGeneratorSpecs { Configuration = 33783 Export Radmin Resources, AppId = 346, Edition = , DateTime = 4/1/2026 10:08:27 PM, Namespace = AppCode.Extensions.Radmin.Data, TargetPath = AppCode/Extensions/Radmin/Data, ContentTypes = System.Collections.Generic.List`1[System.String], Prefix = , Suffix =  }
2026-05-02 22:02:09Z: Code generated. Generator: CSharpTypedDataModelsGenerator v21.07.00 FileGeneratorSpecs { Configuration = 33787 Export Radmin Main Types, AppId = 346, Edition = , DateTime = 5/2/2026 10:02:09 PM, Namespace = AppCode.Extensions.Radmin.Data, TargetPath = AppCode/Extensions/Radmin/Data, ContentTypes = System.Collections.Generic.List`1[System.String], Prefix = , Suffix =  }
2026-05-04 15:03:34Z: Code generated. Generator: CSharpTypedDataModelsGenerator v21.07.00 FileGeneratorSpecs { Configuration = 33787 Export Radmin Main Types, AppId = 346, Edition = , DateTime = 5/4/2026 3:03:31 PM, Namespace = AppCode.Extensions.Radmin.Data, TargetPath = AppCode/Extensions/Radmin/Data, ContentTypes = System.Collections.Generic.List`1[System.String], Prefix = , Suffix =  }
2026-05-04 15:35:28Z: Code generated. Generator: CSharpTypedDataModelsGenerator v21.07.00 FileGeneratorSpecs { Configuration = 33787 Export Radmin Main Types, AppId = 346, Edition = , DateTime = 5/4/2026 3:35:28 PM, Namespace = AppCode.Extensions.Radmin.Data, TargetPath = AppCode/Extensions/Radmin/Data, ContentTypes = System.Collections.Generic.List`1[System.String], Prefix = , Suffix =  }
2026-05-05 09:44:05Z: Code generated. Generator: CSharpTypedDataModelsGenerator v21.07.00 FileGeneratorSpecs { Configuration = 33787 Export Radmin Main Types, AppId = 346, Edition = , DateTime = 5/5/2026 9:44:05 AM, Namespace = AppCode.Extensions.Radmin.Data, TargetPath = AppCode/Extensions/Radmin/Data, ContentTypes = System.Collections.Generic.List`1[System.String], Prefix = , Suffix =  }
2026-05-05 09:45:01Z: Code generated. Generator: CSharpTypedDataModelsGenerator v21.07.00 FileGeneratorSpecs { Configuration = 33787 Export Radmin Main Types, AppId = 346, Edition = , DateTime = 5/5/2026 9:45:01 AM, Namespace = AppCode.Extensions.Radmin.Data, TargetPath = AppCode/Extensions/Radmin/Data, ContentTypes = System.Collections.Generic.List`1[System.String], Prefix = , Suffix =  }
2026-05-05 09:49:23Z: Code generated. Generator: CSharpTypedDataModelsGenerator v21.08.00 FileGeneratorSpecs { Configuration = 33787 Export Radmin Main Types, AppId = 346, Edition = , DateTime = 5/5/2026 9:49:15 AM, Namespace = AppCode.Extensions.Radmin.Data, TargetPath = AppCode/Extensions/Radmin/Data, ContentTypes = System.Collections.Generic.List`1[System.String], Prefix = , Suffix =  }
2026-05-05 10:19:09Z: Code generated. Generator: CSharpTypedDataModelsGenerator v21.08.00 FileGeneratorSpecs { Configuration = 33787 Export Radmin Main Types, AppId = 346, Edition = , DateTime = 5/5/2026 10:19:09 AM, Namespace = AppCode.Extensions.Radmin.Data, TargetPath = AppCode/Extensions/Radmin/Data, ContentTypes = System.Collections.Generic.List`1[System.String], Prefix = , Suffix =  }
2026-06-04 11:40:32Z: Code generated. Generator: CSharpTypedDataModelsGenerator v21.08.00 FileGeneratorSpecs { Configuration = 33787 Export Radmin Main Types, AppId = 346, Edition = , DateTime = 04.06.2026 11:40:32, Namespace = AppCode.Extensions.Radmin.Data, TargetPath = AppCode/Extensions/Radmin/Data, ContentTypes = System.Collections.Generic.List`1[System.String], Prefix = , Suffix =  }
2026-06-04 13:59:45Z: Code generated. Generator: WebApiGenerator v21.08.00 FileGeneratorSpecs { Configuration = , AppId = 346, Edition = , DateTime = 04.06.2026 13:59:45, Namespace = , TargetPath = , ContentTypes = , Prefix = , Suffix =  }
2026-06-04 14:21:25Z: Code generated. Generator: CSharpTypedDataModelsGenerator v21.08.00 FileGeneratorSpecs { Configuration = , AppId = 346, Edition = , DateTime = 04.06.2026 14:21:25, Namespace = , TargetPath = , ContentTypes = , Prefix = , Suffix =  }
2026-06-05 11:30:52Z: Code generated. Generator: CSharpTypedDataModelsGenerator v21.08.00 FileGeneratorSpecs { Configuration = , AppId = 346, Edition = , DateTime = 05.06.2026 11:30:44, Namespace = , TargetPath = , ContentTypes = , Prefix = , Suffix =  }
2026-06-05 11:31:22Z: Code generated. Generator: CSharpTypedDataModelsGenerator v21.08.00 FileGeneratorSpecs { Configuration = 33787 Export Radmin Main Types, AppId = 346, Edition = , DateTime = 05.06.2026 11:31:22, Namespace = AppCode.Extensions.Radmin.Data, TargetPath = AppCode/Extensions/Radmin/Data, ContentTypes = System.Collections.Generic.List`1[System.String], Prefix = , Suffix =  }
2026-06-05 11:31:47Z: Code generated. Generator: CSharpTypedDataModelsGenerator v21.08.00 FileGeneratorSpecs { Configuration = , AppId = 346, Edition = , DateTime = 05.06.2026 11:31:47, Namespace = , TargetPath = , ContentTypes = , Prefix = , Suffix =  }
2026-06-05 15:25:40Z: Code generated. Generator: CSharpTypedDataModelsGenerator v21.08.00 FileGeneratorSpecs { Configuration = 33787 Export Radmin Main Types, AppId = 346, Edition = , DateTime = 05.06.2026 15:25:40, Namespace = AppCode.Extensions.Radmin.Data, TargetPath = AppCode/Extensions/Radmin/Data, ContentTypes = System.Collections.Generic.List`1[System.String], Prefix = , Suffix =  }
2026-06-05 15:25:41Z: Code generated. Generator: CSharpTypedDataModelsGenerator v21.08.00 FileGeneratorSpecs { Configuration = 34387 Export Radmin Demo Content Types, AppId = 346, Edition = , DateTime = 05.06.2026 15:25:41, Namespace = AppCode.Data, TargetPath = AppCode/Data, ContentTypes = System.Collections.Generic.List`1[System.String], Prefix = , Suffix =  }
2026-06-12 16:19:41Z: Code generated. Generator: CSharpTypedDataModelsGenerator v21.08.00 FileGeneratorSpecs { Configuration = 34387 Export Radmin Demo Content Types, AppId = 346, Edition = , DateTime = 12.06.2026 16:19:40, Namespace = AppCode.Data, TargetPath = AppCode/Data, ContentTypes = System.Collections.Generic.List`1[System.String], Prefix = , Suffix =  }
2026-06-12 16:19:41Z: Code generated. Generator: CSharpTypedDataModelsGenerator v21.08.00 FileGeneratorSpecs { Configuration = 33787 Export Radmin Main Types, AppId = 346, Edition = , DateTime = 12.06.2026 16:19:41, Namespace = AppCode.Extensions.Radmin.Data, TargetPath = AppCode/Extensions/Radmin/Data, ContentTypes = System.Collections.Generic.List`1[System.String], Prefix = , Suffix =  }
